[2020-12-28T16:31:17.527+0100][gc,heap] Heap region size: 1M
[2020-12-28T16:31:17.582+0100][gc     ] Using G1
[2020-12-28T16:31:23.540+0100][gc,start] GC(0) Pause Young (Normal) (G1 Evacuation Pause)
[2020-12-28T16:31:23.559+0100][gc,task ] GC(0) Using 4 workers of 4 for evacuation
[2020-12-28T16:31:23.586+0100][gc,mmu  ] GC(0) MMU target violated: 21.0ms (20.0ms/21.0ms)
[2020-12-28T16:31:23.587+0100][gc,phases] GC(0)   Pre Evacuate Collection Set: 0.1ms
[2020-12-28T16:31:23.587+0100][gc,phases] GC(0)   Evacuate Collection Set: 25.3ms
[2020-12-28T16:31:23.587+0100][gc,phases] GC(0)   Post Evacuate Collection Set: 1.3ms
[2020-12-28T16:31:23.587+0100][gc,phases] GC(0)   Other: 19.8ms
[2020-12-28T16:31:23.587+0100][gc,heap  ] GC(0) Eden regions: 51->0(44)
[2020-12-28T16:31:23.587+0100][gc,heap  ] GC(0) Survivor regions: 0->7(7)
[2020-12-28T16:31:23.587+0100][gc,heap  ] GC(0) Old regions: 0->0
[2020-12-28T16:31:23.587+0100][gc,heap  ] GC(0) Humongous regions: 0->0
[2020-12-28T16:31:23.587+0100][gc,metaspace] GC(0) Metaspace: 13542K->13542K(14640K)
[2020-12-28T16:31:23.587+0100][gc          ] GC(0) Pause Young (Normal) (G1 Evacuation Pause) 51M->6M(1024M) 46.750ms
[2020-12-28T16:31:23.587+0100][gc,cpu      ] GC(0) User=0.04s Sys=0.03s Real=0.04s
[2020-12-28T16:31:24.686+0100][gc,start    ] GC(1) Pause Young (Concurrent Start) (Metadata GC Threshold)
[2020-12-28T16:31:24.687+0100][gc,task     ] GC(1) Using 4 workers of 4 for evacuation
[2020-12-28T16:31:24.721+0100][gc,mmu      ] GC(1) MMU target violated: 21.0ms (20.0ms/21.0ms)
[2020-12-28T16:31:24.721+0100][gc,phases   ] GC(1)   Pre Evacuate Collection Set: 0.1ms
[2020-12-28T16:31:24.722+0100][gc,phases   ] GC(1)   Evacuate Collection Set: 33.5ms
[2020-12-28T16:31:24.722+0100][gc,phases   ] GC(1)   Post Evacuate Collection Set: 0.7ms
[2020-12-28T16:31:24.722+0100][gc,phases   ] GC(1)   Other: 0.8ms
[2020-12-28T16:31:24.722+0100][gc,heap     ] GC(1) Eden regions: 20->0(50)
[2020-12-28T16:31:24.722+0100][gc,heap     ] GC(1) Survivor regions: 7->1(7)
[2020-12-28T16:31:24.722+0100][gc,heap     ] GC(1) Old regions: 0->7
[2020-12-28T16:31:24.722+0100][gc,heap     ] GC(1) Humongous regions: 0->0
[2020-12-28T16:31:24.722+0100][gc,metaspace] GC(1) Metaspace: 16174K->16174K(16688K)
[2020-12-28T16:31:24.722+0100][gc          ] GC(1) Pause Young (Concurrent Start) (Metadata GC Threshold) 26M->7M(1024M) 35.301ms
[2020-12-28T16:31:24.722+0100][gc,cpu      ] GC(1) User=0.02s Sys=0.06s Real=0.04s
[2020-12-28T16:31:24.722+0100][gc          ] GC(2) Concurrent Cycle
[2020-12-28T16:31:24.722+0100][gc,marking  ] GC(2) Concurrent Clear Claimed Marks
[2020-12-28T16:31:24.722+0100][gc,marking  ] GC(2) Concurrent Clear Claimed Marks 0.084ms
[2020-12-28T16:31:24.722+0100][gc,marking  ] GC(2) Concurrent Scan Root Regions
[2020-12-28T16:31:24.724+0100][gc,marking  ] GC(2) Concurrent Scan Root Regions 1.855ms
[2020-12-28T16:31:24.724+0100][gc,marking  ] GC(2) Concurrent Mark (7.207s)
[2020-12-28T16:31:24.724+0100][gc,marking  ] GC(2) Concurrent Mark From Roots
[2020-12-28T16:31:24.724+0100][gc,task     ] GC(2) Using 1 workers of 1 for marking
[2020-12-28T16:31:24.757+0100][gc,marking  ] GC(2) Concurrent Mark From Roots 32.696ms
[2020-12-28T16:31:24.757+0100][gc,marking  ] GC(2) Concurrent Preclean
[2020-12-28T16:31:24.757+0100][gc,marking  ] GC(2) Concurrent Preclean 0.414ms
[2020-12-28T16:31:24.757+0100][gc,marking  ] GC(2) Concurrent Mark (7.207s, 7.241s) 33.296ms
[2020-12-28T16:31:24.758+0100][gc,start    ] GC(2) Pause Remark
[2020-12-28T16:31:24.770+0100][gc,stringtable] GC(2) Cleaned string and symbol table, strings: 8176 processed, 0 removed, symbols: 76923 processed, 50 removed
[2020-12-28T16:31:24.770+0100][gc            ] GC(2) Pause Remark 8M->8M(1024M) 12.169ms
[2020-12-28T16:31:24.770+0100][gc,cpu        ] GC(2) User=0.03s Sys=0.00s Real=0.02s
[2020-12-28T16:31:24.771+0100][gc,marking    ] GC(2) Concurrent Rebuild Remembered Sets
[2020-12-28T16:31:24.786+0100][gc,marking    ] GC(2) Concurrent Rebuild Remembered Sets 15.601ms
[2020-12-28T16:31:24.787+0100][gc,start      ] GC(2) Pause Cleanup
[2020-12-28T16:31:24.788+0100][gc            ] GC(2) Pause Cleanup 8M->8M(1024M) 0.779ms
[2020-12-28T16:31:24.788+0100][gc,cpu        ] GC(2) User=0.00s Sys=0.00s Real=0.00s
[2020-12-28T16:31:24.788+0100][gc,marking    ] GC(2) Concurrent Cleanup for Next Mark
[2020-12-28T16:31:24.843+0100][gc,marking    ] GC(2) Concurrent Cleanup for Next Mark 54.682ms
[2020-12-28T16:31:24.843+0100][gc            ] GC(2) Concurrent Cycle 120.731ms
[2020-12-28T16:31:28.915+0100][gc,heap,exit  ] Heap
[2020-12-28T16:31:28.915+0100][gc,heap,exit  ]  garbage-first heap   total 1048576K, used 29925K [0x73a00000, 0xb3a00000)
[2020-12-28T16:31:28.915+0100][gc,heap,exit  ]   region size 1024K, 24 young (24576K), 1 survivors (1024K)
[2020-12-28T16:31:28.915+0100][gc,heap,exit  ]  Metaspace       used 18747K, capacity 19063K, committed 19072K, reserved 19760K
