[2020-12-28T16:31:11.336+0100][gc,heap] Heap region size: 1M
[2020-12-28T16:31:11.374+0100][gc     ] Using G1
[2020-12-28T16:31:17.264+0100][gc,start] GC(0) Pause Young (Normal) (G1 Evacuation Pause)
[2020-12-28T16:31:17.273+0100][gc,task ] GC(0) Using 4 workers of 4 for evacuation
[2020-12-28T16:31:17.323+0100][gc,mmu  ] GC(0) MMU target violated: 21.0ms (20.0ms/21.0ms)
[2020-12-28T16:31:17.323+0100][gc,phases] GC(0)   Pre Evacuate Collection Set: 0.1ms
[2020-12-28T16:31:17.323+0100][gc,phases] GC(0)   Evacuate Collection Set: 43.6ms
[2020-12-28T16:31:17.323+0100][gc,phases] GC(0)   Post Evacuate Collection Set: 5.6ms
[2020-12-28T16:31:17.323+0100][gc,phases] GC(0)   Other: 10.2ms
[2020-12-28T16:31:17.323+0100][gc,heap  ] GC(0) Eden regions: 51->0(44)
[2020-12-28T16:31:17.323+0100][gc,heap  ] GC(0) Survivor regions: 0->7(7)
[2020-12-28T16:31:17.324+0100][gc,heap  ] GC(0) Old regions: 0->0
[2020-12-28T16:31:17.324+0100][gc,heap  ] GC(0) Humongous regions: 0->0
[2020-12-28T16:31:17.324+0100][gc,metaspace] GC(0) Metaspace: 13614K->13614K(14640K)
[2020-12-28T16:31:17.324+0100][gc          ] GC(0) Pause Young (Normal) (G1 Evacuation Pause) 51M->6M(1024M) 59.743ms
[2020-12-28T16:31:17.324+0100][gc,cpu      ] GC(0) User=0.04s Sys=0.03s Real=0.06s
[2020-12-28T16:31:19.006+0100][gc,start    ] GC(1) Pause Young (Concurrent Start) (Metadata GC Threshold)
[2020-12-28T16:31:19.006+0100][gc,task     ] GC(1) Using 4 workers of 4 for evacuation
[2020-12-28T16:31:19.056+0100][gc,mmu      ] GC(1) MMU target violated: 21.0ms (20.0ms/21.0ms)
[2020-12-28T16:31:19.056+0100][gc,phases   ] GC(1)   Pre Evacuate Collection Set: 0.2ms
[2020-12-28T16:31:19.056+0100][gc,phases   ] GC(1)   Evacuate Collection Set: 48.6ms
[2020-12-28T16:31:19.056+0100][gc,phases   ] GC(1)   Post Evacuate Collection Set: 0.7ms
[2020-12-28T16:31:19.056+0100][gc,phases   ] GC(1)   Other: 0.8ms
[2020-12-28T16:31:19.056+0100][gc,heap     ] GC(1) Eden regions: 19->0(50)
[2020-12-28T16:31:19.057+0100][gc,heap     ] GC(1) Survivor regions: 7->1(7)
[2020-12-28T16:31:19.057+0100][gc,heap     ] GC(1) Old regions: 0->7
[2020-12-28T16:31:19.057+0100][gc,heap     ] GC(1) Humongous regions: 0->0
[2020-12-28T16:31:19.057+0100][gc,metaspace] GC(1) Metaspace: 16158K->16158K(16688K)
[2020-12-28T16:31:19.057+0100][gc          ] GC(1) Pause Young (Concurrent Start) (Metadata GC Threshold) 25M->7M(1024M) 50.436ms
[2020-12-28T16:31:19.057+0100][gc,cpu      ] GC(1) User=0.05s Sys=0.00s Real=0.05s
[2020-12-28T16:31:19.057+0100][gc          ] GC(2) Concurrent Cycle
[2020-12-28T16:31:19.057+0100][gc,marking  ] GC(2) Concurrent Clear Claimed Marks
[2020-12-28T16:31:19.057+0100][gc,marking  ] GC(2) Concurrent Clear Claimed Marks 0.082ms
[2020-12-28T16:31:19.057+0100][gc,marking  ] GC(2) Concurrent Scan Root Regions
[2020-12-28T16:31:19.059+0100][gc,marking  ] GC(2) Concurrent Scan Root Regions 1.599ms
[2020-12-28T16:31:19.059+0100][gc,marking  ] GC(2) Concurrent Mark (7.732s)
[2020-12-28T16:31:19.059+0100][gc,marking  ] GC(2) Concurrent Mark From Roots
[2020-12-28T16:31:19.059+0100][gc,task     ] GC(2) Using 1 workers of 1 for marking
[2020-12-28T16:31:19.128+0100][gc,marking  ] GC(2) Concurrent Mark From Roots 68.982ms
[2020-12-28T16:31:19.128+0100][gc,marking  ] GC(2) Concurrent Preclean
[2020-12-28T16:31:19.128+0100][gc,marking  ] GC(2) Concurrent Preclean 0.414ms
[2020-12-28T16:31:19.128+0100][gc,marking  ] GC(2) Concurrent Mark (7.732s, 7.801s) 69.627ms
[2020-12-28T16:31:19.134+0100][gc,start    ] GC(2) Pause Remark
[2020-12-28T16:31:19.178+0100][gc,stringtable] GC(2) Cleaned string and symbol table, strings: 8180 processed, 0 removed, symbols: 77331 processed, 50 removed
[2020-12-28T16:31:19.179+0100][gc,mmu        ] GC(2) MMU target violated: 21.0ms (20.0ms/21.0ms)
[2020-12-28T16:31:19.179+0100][gc            ] GC(2) Pause Remark 8M->8M(1024M) 44.807ms
[2020-12-28T16:31:19.179+0100][gc,cpu        ] GC(2) User=0.03s Sys=0.00s Real=0.05s
[2020-12-28T16:31:19.179+0100][gc,marking    ] GC(2) Concurrent Rebuild Remembered Sets
[2020-12-28T16:31:19.195+0100][gc,marking    ] GC(2) Concurrent Rebuild Remembered Sets 15.205ms
[2020-12-28T16:31:19.202+0100][gc,start      ] GC(2) Pause Cleanup
[2020-12-28T16:31:19.202+0100][gc            ] GC(2) Pause Cleanup 9M->9M(1024M) 0.788ms
[2020-12-28T16:31:19.203+0100][gc,cpu        ] GC(2) User=0.00s Sys=0.00s Real=0.00s
[2020-12-28T16:31:19.203+0100][gc,marking    ] GC(2) Concurrent Cleanup for Next Mark
[2020-12-28T16:31:19.269+0100][gc,marking    ] GC(2) Concurrent Cleanup for Next Mark 66.123ms
[2020-12-28T16:31:19.269+0100][gc            ] GC(2) Concurrent Cycle 212.132ms
[2020-12-28T16:31:22.543+0100][gc,start      ] GC(3) Pause Young (Normal) (G1 Evacuation Pause)
[2020-12-28T16:31:22.543+0100][gc,task       ] GC(3) Using 4 workers of 4 for evacuation
[2020-12-28T16:31:22.556+0100][gc,phases     ] GC(3)   Pre Evacuate Collection Set: 0.1ms
[2020-12-28T16:31:22.557+0100][gc,phases     ] GC(3)   Evacuate Collection Set: 11.8ms
[2020-12-28T16:31:22.557+0100][gc,phases     ] GC(3)   Post Evacuate Collection Set: 0.8ms
[2020-12-28T16:31:22.557+0100][gc,phases     ] GC(3)   Other: 0.7ms
[2020-12-28T16:31:22.557+0100][gc,heap       ] GC(3) Eden regions: 50->0(48)
[2020-12-28T16:31:22.557+0100][gc,heap       ] GC(3) Survivor regions: 1->3(7)
[2020-12-28T16:31:22.557+0100][gc,heap       ] GC(3) Old regions: 7->7
[2020-12-28T16:31:22.557+0100][gc,heap       ] GC(3) Humongous regions: 129->129
[2020-12-28T16:31:22.557+0100][gc,metaspace  ] GC(3) Metaspace: 21621K->21621K(22832K)
[2020-12-28T16:31:22.557+0100][gc            ] GC(3) Pause Young (Normal) (G1 Evacuation Pause) 186M->137M(1024M) 13.753ms
[2020-12-28T16:31:22.557+0100][gc,cpu        ] GC(3) User=0.03s Sys=0.00s Real=0.01s
[2020-12-28T16:31:26.221+0100][gc,start      ] GC(4) Pause Young (Normal) (G1 Evacuation Pause)
[2020-12-28T16:31:26.221+0100][gc,task       ] GC(4) Using 4 workers of 4 for evacuation
[2020-12-28T16:31:26.242+0100][gc,mmu        ] GC(4) MMU target violated: 20.9ms (20.0ms/21.0ms)
[2020-12-28T16:31:26.242+0100][gc,phases     ] GC(4)   Pre Evacuate Collection Set: 0.1ms
[2020-12-28T16:31:26.242+0100][gc,phases     ] GC(4)   Evacuate Collection Set: 19.8ms
[2020-12-28T16:31:26.242+0100][gc,phases     ] GC(4)   Post Evacuate Collection Set: 0.8ms
[2020-12-28T16:31:26.242+0100][gc,phases     ] GC(4)   Other: 0.6ms
[2020-12-28T16:31:26.242+0100][gc,heap       ] GC(4) Eden regions: 48->0(45)
[2020-12-28T16:31:26.242+0100][gc,heap       ] GC(4) Survivor regions: 3->6(7)
[2020-12-28T16:31:26.242+0100][gc,heap       ] GC(4) Old regions: 7->7
[2020-12-28T16:31:26.242+0100][gc,heap       ] GC(4) Humongous regions: 129->129
[2020-12-28T16:31:26.242+0100][gc,metaspace  ] GC(4) Metaspace: 26664K->26664K(27952K)
[2020-12-28T16:31:26.242+0100][gc            ] GC(4) Pause Young (Normal) (G1 Evacuation Pause) 185M->141M(1024M) 21.487ms
[2020-12-28T16:31:26.242+0100][gc,cpu        ] GC(4) User=0.06s Sys=0.00s Real=0.02s
[2020-12-28T16:31:26.486+0100][gc,start      ] GC(5) Pause Young (Concurrent Start) (Metadata GC Threshold)
[2020-12-28T16:31:26.486+0100][gc,task       ] GC(5) Using 4 workers of 4 for evacuation
[2020-12-28T16:31:26.509+0100][gc,mmu        ] GC(5) MMU target violated: 21.0ms (20.0ms/21.0ms)
[2020-12-28T16:31:26.509+0100][gc,phases     ] GC(5)   Pre Evacuate Collection Set: 0.2ms
[2020-12-28T16:31:26.509+0100][gc,phases     ] GC(5)   Evacuate Collection Set: 21.0ms
[2020-12-28T16:31:26.509+0100][gc,phases     ] GC(5)   Post Evacuate Collection Set: 0.8ms
[2020-12-28T16:31:26.509+0100][gc,phases     ] GC(5)   Other: 0.7ms
[2020-12-28T16:31:26.509+0100][gc,heap       ] GC(5) Eden regions: 6->0(46)
[2020-12-28T16:31:26.509+0100][gc,heap       ] GC(5) Survivor regions: 6->5(7)
[2020-12-28T16:31:26.509+0100][gc,heap       ] GC(5) Old regions: 7->9
[2020-12-28T16:31:26.509+0100][gc,heap       ] GC(5) Humongous regions: 129->129
[2020-12-28T16:31:26.509+0100][gc,metaspace  ] GC(5) Metaspace: 27091K->27091K(27952K)
[2020-12-28T16:31:26.509+0100][gc            ] GC(5) Pause Young (Concurrent Start) (Metadata GC Threshold) 147M->141M(1024M) 22.808ms
[2020-12-28T16:31:26.509+0100][gc,cpu        ] GC(5) User=0.06s Sys=0.00s Real=0.03s
[2020-12-28T16:31:26.509+0100][gc            ] GC(6) Concurrent Cycle
[2020-12-28T16:31:26.509+0100][gc,marking    ] GC(6) Concurrent Clear Claimed Marks
[2020-12-28T16:31:26.509+0100][gc,marking    ] GC(6) Concurrent Clear Claimed Marks 0.184ms
[2020-12-28T16:31:26.509+0100][gc,marking    ] GC(6) Concurrent Scan Root Regions
[2020-12-28T16:31:26.519+0100][gc,marking    ] GC(6) Concurrent Scan Root Regions 9.148ms
[2020-12-28T16:31:26.519+0100][gc,marking    ] GC(6) Concurrent Mark (15.192s)
[2020-12-28T16:31:26.519+0100][gc,marking    ] GC(6) Concurrent Mark From Roots
[2020-12-28T16:31:26.519+0100][gc,task       ] GC(6) Using 1 workers of 1 for marking
[2020-12-28T16:31:26.605+0100][gc,marking    ] GC(6) Concurrent Mark From Roots 86.031ms
[2020-12-28T16:31:26.605+0100][gc,marking    ] GC(6) Concurrent Preclean
[2020-12-28T16:31:26.605+0100][gc,marking    ] GC(6) Concurrent Preclean 0.407ms
[2020-12-28T16:31:26.605+0100][gc,marking    ] GC(6) Concurrent Mark (15.192s, 15.278s) 86.645ms
[2020-12-28T16:31:26.606+0100][gc,start      ] GC(6) Pause Remark
[2020-12-28T16:31:26.628+0100][gc,stringtable] GC(6) Cleaned string and symbol table, strings: 14429 processed, 10 removed, symbols: 113714 processed, 17 removed
[2020-12-28T16:31:26.629+0100][gc,mmu        ] GC(6) MMU target violated: 21.0ms (20.0ms/21.0ms)
[2020-12-28T16:31:26.629+0100][gc            ] GC(6) Pause Remark 145M->145M(1024M) 23.200ms
[2020-12-28T16:31:26.629+0100][gc,cpu        ] GC(6) User=0.03s Sys=0.00s Real=0.03s
[2020-12-28T16:31:26.629+0100][gc,marking    ] GC(6) Concurrent Rebuild Remembered Sets
[2020-12-28T16:31:26.653+0100][gc,marking    ] GC(6) Concurrent Rebuild Remembered Sets 23.229ms
[2020-12-28T16:31:26.654+0100][gc,start      ] GC(6) Pause Cleanup
[2020-12-28T16:31:26.654+0100][gc            ] GC(6) Pause Cleanup 146M->146M(1024M) 0.557ms
[2020-12-28T16:31:26.655+0100][gc,cpu        ] GC(6) User=0.00s Sys=0.00s Real=0.00s
[2020-12-28T16:31:26.655+0100][gc,marking    ] GC(6) Concurrent Cleanup for Next Mark
[2020-12-28T16:31:26.725+0100][gc,marking    ] GC(6) Concurrent Cleanup for Next Mark 70.272ms
[2020-12-28T16:31:26.725+0100][gc            ] GC(6) Concurrent Cycle 215.865ms
