[2020-12-28T16:13:46.559+0100][gc,heap] Heap region size: 1M
[2020-12-28T16:13:46.596+0100][gc     ] Using G1
[2020-12-28T16:13:50.314+0100][gc,start] GC(0) Pause Young (Normal) (G1 Evacuation Pause)
[2020-12-28T16:13:50.314+0100][gc,task ] GC(0) Using 4 workers of 4 for evacuation
[2020-12-28T16:13:50.336+0100][gc,mmu  ] GC(0) MMU target violated: 21.0ms (20.0ms/21.0ms)
[2020-12-28T16:13:50.336+0100][gc,phases] GC(0)   Pre Evacuate Collection Set: 0.1ms
[2020-12-28T16:13:50.336+0100][gc,phases] GC(0)   Evacuate Collection Set: 20.0ms
[2020-12-28T16:13:50.336+0100][gc,phases] GC(0)   Post Evacuate Collection Set: 1.0ms
[2020-12-28T16:13:50.336+0100][gc,phases] GC(0)   Other: 0.9ms
[2020-12-28T16:13:50.336+0100][gc,heap  ] GC(0) Eden regions: 51->0(44)
[2020-12-28T16:13:50.336+0100][gc,heap  ] GC(0) Survivor regions: 0->7(7)
[2020-12-28T16:13:50.336+0100][gc,heap  ] GC(0) Old regions: 0->0
[2020-12-28T16:13:50.336+0100][gc,heap  ] GC(0) Humongous regions: 0->0
[2020-12-28T16:13:50.336+0100][gc,metaspace] GC(0) Metaspace: 13574K->13574K(14640K)
[2020-12-28T16:13:50.336+0100][gc          ] GC(0) Pause Young (Normal) (G1 Evacuation Pause) 51M->6M(1024M) 22.112ms
[2020-12-28T16:13:50.336+0100][gc,cpu      ] GC(0) User=0.07s Sys=0.00s Real=0.02s
[2020-12-28T16:13:51.626+0100][gc,start    ] GC(1) Pause Young (Concurrent Start) (Metadata GC Threshold)
[2020-12-28T16:13:51.626+0100][gc,task     ] GC(1) Using 4 workers of 4 for evacuation
[2020-12-28T16:13:51.651+0100][gc,mmu      ] GC(1) MMU target violated: 21.0ms (20.0ms/21.0ms)
[2020-12-28T16:13:51.651+0100][gc,phases   ] GC(1)   Pre Evacuate Collection Set: 0.1ms
[2020-12-28T16:13:51.651+0100][gc,phases   ] GC(1)   Evacuate Collection Set: 24.1ms
[2020-12-28T16:13:51.651+0100][gc,phases   ] GC(1)   Post Evacuate Collection Set: 0.6ms
[2020-12-28T16:13:51.651+0100][gc,phases   ] GC(1)   Other: 0.6ms
[2020-12-28T16:13:51.651+0100][gc,heap     ] GC(1) Eden regions: 19->0(50)
[2020-12-28T16:13:51.651+0100][gc,heap     ] GC(1) Survivor regions: 7->1(7)
[2020-12-28T16:13:51.651+0100][gc,heap     ] GC(1) Old regions: 0->7
[2020-12-28T16:13:51.651+0100][gc,heap     ] GC(1) Humongous regions: 0->0
[2020-12-28T16:13:51.651+0100][gc,metaspace] GC(1) Metaspace: 16125K->16125K(16688K)
[2020-12-28T16:13:51.651+0100][gc          ] GC(1) Pause Young (Concurrent Start) (Metadata GC Threshold) 25M->7M(1024M) 25.575ms
[2020-12-28T16:13:51.651+0100][gc,cpu      ] GC(1) User=0.03s Sys=0.04s Real=0.03s
[2020-12-28T16:13:51.651+0100][gc          ] GC(2) Concurrent Cycle
[2020-12-28T16:13:51.651+0100][gc,marking  ] GC(2) Concurrent Clear Claimed Marks
[2020-12-28T16:13:51.651+0100][gc,marking  ] GC(2) Concurrent Clear Claimed Marks 0.130ms
[2020-12-28T16:13:51.652+0100][gc,marking  ] GC(2) Concurrent Scan Root Regions
[2020-12-28T16:13:51.653+0100][gc,marking  ] GC(2) Concurrent Scan Root Regions 1.440ms
[2020-12-28T16:13:51.653+0100][gc,marking  ] GC(2) Concurrent Mark (5.102s)
[2020-12-28T16:13:51.653+0100][gc,marking  ] GC(2) Concurrent Mark From Roots
[2020-12-28T16:13:51.653+0100][gc,task     ] GC(2) Using 1 workers of 1 for marking
[2020-12-28T16:13:51.687+0100][gc,marking  ] GC(2) Concurrent Mark From Roots 33.839ms
[2020-12-28T16:13:51.687+0100][gc,marking  ] GC(2) Concurrent Preclean
[2020-12-28T16:13:51.687+0100][gc,marking  ] GC(2) Concurrent Preclean 0.397ms
[2020-12-28T16:13:51.687+0100][gc,marking  ] GC(2) Concurrent Mark (5.102s, 5.136s) 34.382ms
[2020-12-28T16:13:51.688+0100][gc,start    ] GC(2) Pause Remark
[2020-12-28T16:13:51.693+0100][gc,stringtable] GC(2) Cleaned string and symbol table, strings: 8150 processed, 0 removed, symbols: 76775 processed, 45 removed
[2020-12-28T16:13:51.694+0100][gc            ] GC(2) Pause Remark 8M->8M(1024M) 6.105ms
[2020-12-28T16:13:51.694+0100][gc,cpu        ] GC(2) User=0.02s Sys=0.00s Real=0.01s
[2020-12-28T16:13:51.694+0100][gc,marking    ] GC(2) Concurrent Rebuild Remembered Sets
[2020-12-28T16:13:51.713+0100][gc,marking    ] GC(2) Concurrent Rebuild Remembered Sets 19.089ms
[2020-12-28T16:13:51.713+0100][gc,start      ] GC(2) Pause Cleanup
[2020-12-28T16:13:51.714+0100][gc            ] GC(2) Pause Cleanup 8M->8M(1024M) 0.483ms
[2020-12-28T16:13:51.714+0100][gc,cpu        ] GC(2) User=0.00s Sys=0.00s Real=0.00s
[2020-12-28T16:13:51.714+0100][gc,marking    ] GC(2) Concurrent Cleanup for Next Mark
[2020-12-28T16:13:51.759+0100][gc,marking    ] GC(2) Concurrent Cleanup for Next Mark 44.915ms
[2020-12-28T16:13:51.759+0100][gc            ] GC(2) Concurrent Cycle 107.657ms
[2020-12-28T16:13:53.797+0100][gc,start      ] GC(3) Pause Young (Normal) (G1 Evacuation Pause)
[2020-12-28T16:13:53.797+0100][gc,task       ] GC(3) Using 4 workers of 4 for evacuation
[2020-12-28T16:13:53.804+0100][gc,phases     ] GC(3)   Pre Evacuate Collection Set: 0.1ms
[2020-12-28T16:13:53.804+0100][gc,phases     ] GC(3)   Evacuate Collection Set: 6.0ms
[2020-12-28T16:13:53.804+0100][gc,phases     ] GC(3)   Post Evacuate Collection Set: 0.7ms
[2020-12-28T16:13:53.804+0100][gc,phases     ] GC(3)   Other: 0.4ms
[2020-12-28T16:13:53.804+0100][gc,heap       ] GC(3) Eden regions: 50->0(48)
[2020-12-28T16:13:53.804+0100][gc,heap       ] GC(3) Survivor regions: 1->3(7)
[2020-12-28T16:13:53.804+0100][gc,heap       ] GC(3) Old regions: 7->7
[2020-12-28T16:13:53.804+0100][gc,heap       ] GC(3) Humongous regions: 129->129
[2020-12-28T16:13:53.804+0100][gc,metaspace  ] GC(3) Metaspace: 21623K->21623K(22832K)
[2020-12-28T16:13:53.804+0100][gc            ] GC(3) Pause Young (Normal) (G1 Evacuation Pause) 186M->137M(1024M) 7.462ms
[2020-12-28T16:13:53.804+0100][gc,cpu        ] GC(3) User=0.02s Sys=0.01s Real=0.01s
[2020-12-28T16:13:56.498+0100][gc,start      ] GC(4) Pause Young (Normal) (G1 Evacuation Pause)
[2020-12-28T16:13:56.498+0100][gc,task       ] GC(4) Using 4 workers of 4 for evacuation
[2020-12-28T16:13:56.513+0100][gc,phases     ] GC(4)   Pre Evacuate Collection Set: 0.1ms
[2020-12-28T16:13:56.513+0100][gc,phases     ] GC(4)   Evacuate Collection Set: 14.1ms
[2020-12-28T16:13:56.513+0100][gc,phases     ] GC(4)   Post Evacuate Collection Set: 0.9ms
[2020-12-28T16:13:56.514+0100][gc,phases     ] GC(4)   Other: 0.5ms
[2020-12-28T16:13:56.514+0100][gc,heap       ] GC(4) Eden regions: 48->0(45)
[2020-12-28T16:13:56.514+0100][gc,heap       ] GC(4) Survivor regions: 3->6(7)
[2020-12-28T16:13:56.514+0100][gc,heap       ] GC(4) Old regions: 7->7
[2020-12-28T16:13:56.514+0100][gc,heap       ] GC(4) Humongous regions: 129->129
[2020-12-28T16:13:56.514+0100][gc,metaspace  ] GC(4) Metaspace: 26667K->26667K(27952K)
[2020-12-28T16:13:56.514+0100][gc            ] GC(4) Pause Young (Normal) (G1 Evacuation Pause) 185M->141M(1024M) 15.694ms
[2020-12-28T16:13:56.514+0100][gc,cpu        ] GC(4) User=0.05s Sys=0.00s Real=0.02s
[2020-12-28T16:13:56.638+0100][gc,start      ] GC(5) Pause Young (Concurrent Start) (Metadata GC Threshold)
[2020-12-28T16:13:56.638+0100][gc,task       ] GC(5) Using 4 workers of 4 for evacuation
[2020-12-28T16:13:56.658+0100][gc,phases     ] GC(5)   Pre Evacuate Collection Set: 0.2ms
[2020-12-28T16:13:56.658+0100][gc,phases     ] GC(5)   Evacuate Collection Set: 18.8ms
[2020-12-28T16:13:56.659+0100][gc,phases     ] GC(5)   Post Evacuate Collection Set: 0.6ms
[2020-12-28T16:13:56.659+0100][gc,phases     ] GC(5)   Other: 0.6ms
[2020-12-28T16:13:56.659+0100][gc,heap       ] GC(5) Eden regions: 4->0(47)
[2020-12-28T16:13:56.659+0100][gc,heap       ] GC(5) Survivor regions: 6->4(7)
[2020-12-28T16:13:56.659+0100][gc,heap       ] GC(5) Old regions: 7->9
[2020-12-28T16:13:56.659+0100][gc,heap       ] GC(5) Humongous regions: 129->129
[2020-12-28T16:13:56.659+0100][gc,metaspace  ] GC(5) Metaspace: 26898K->26898K(27952K)
[2020-12-28T16:13:56.659+0100][gc            ] GC(5) Pause Young (Concurrent Start) (Metadata GC Threshold) 144M->141M(1024M) 20.449ms
[2020-12-28T16:13:56.659+0100][gc,cpu        ] GC(5) User=0.06s Sys=0.00s Real=0.03s
[2020-12-28T16:13:56.659+0100][gc            ] GC(6) Concurrent Cycle
[2020-12-28T16:13:56.659+0100][gc,marking    ] GC(6) Concurrent Clear Claimed Marks
[2020-12-28T16:13:56.659+0100][gc,marking    ] GC(6) Concurrent Clear Claimed Marks 0.143ms
[2020-12-28T16:13:56.659+0100][gc,marking    ] GC(6) Concurrent Scan Root Regions
[2020-12-28T16:13:56.667+0100][gc,marking    ] GC(6) Concurrent Scan Root Regions 8.070ms
[2020-12-28T16:13:56.667+0100][gc,marking    ] GC(6) Concurrent Mark (10.116s)
[2020-12-28T16:13:56.667+0100][gc,marking    ] GC(6) Concurrent Mark From Roots
[2020-12-28T16:13:56.667+0100][gc,task       ] GC(6) Using 1 workers of 1 for marking
[2020-12-28T16:13:56.721+0100][gc,marking    ] GC(6) Concurrent Mark From Roots 53.323ms
[2020-12-28T16:13:56.721+0100][gc,marking    ] GC(6) Concurrent Preclean
[2020-12-28T16:13:56.721+0100][gc,marking    ] GC(6) Concurrent Preclean 0.394ms
[2020-12-28T16:13:56.721+0100][gc,marking    ] GC(6) Concurrent Mark (10.116s, 10.170s) 53.891ms
[2020-12-28T16:13:56.725+0100][gc,start      ] GC(6) Pause Remark
[2020-12-28T16:13:56.735+0100][gc,stringtable] GC(6) Cleaned string and symbol table, strings: 14331 processed, 9 removed, symbols: 113240 processed, 20 removed
[2020-12-28T16:13:56.735+0100][gc            ] GC(6) Pause Remark 144M->144M(1024M) 9.947ms
[2020-12-28T16:13:56.735+0100][gc,cpu        ] GC(6) User=0.03s Sys=0.00s Real=0.01s
[2020-12-28T16:13:56.735+0100][gc,marking    ] GC(6) Concurrent Rebuild Remembered Sets
[2020-12-28T16:13:56.779+0100][gc,marking    ] GC(6) Concurrent Rebuild Remembered Sets 43.327ms
[2020-12-28T16:13:56.780+0100][gc,start      ] GC(6) Pause Cleanup
[2020-12-28T16:13:56.780+0100][gc            ] GC(6) Pause Cleanup 146M->146M(1024M) 0.507ms
[2020-12-28T16:13:56.780+0100][gc,cpu        ] GC(6) User=0.00s Sys=0.00s Real=0.00s
[2020-12-28T16:13:56.780+0100][gc,marking    ] GC(6) Concurrent Cleanup for Next Mark
[2020-12-28T16:13:56.829+0100][gc,marking    ] GC(6) Concurrent Cleanup for Next Mark 48.945ms
[2020-12-28T16:13:56.829+0100][gc            ] GC(6) Concurrent Cycle 170.330ms
[2020-12-28T16:16:30.397+0100][gc,start      ] GC(7) Pause Young (Normal) (G1 Evacuation Pause)
[2020-12-28T16:16:30.397+0100][gc,task       ] GC(7) Using 4 workers of 4 for evacuation
[2020-12-28T16:16:30.418+0100][gc,mmu        ] GC(7) MMU target violated: 21.0ms (20.0ms/21.0ms)
[2020-12-28T16:16:30.418+0100][gc,phases     ] GC(7)   Pre Evacuate Collection Set: 0.1ms
[2020-12-28T16:16:30.418+0100][gc,phases     ] GC(7)   Evacuate Collection Set: 19.6ms
[2020-12-28T16:16:30.418+0100][gc,phases     ] GC(7)   Post Evacuate Collection Set: 1.3ms
[2020-12-28T16:16:30.418+0100][gc,phases     ] GC(7)   Other: 0.6ms
[2020-12-28T16:16:30.418+0100][gc,heap       ] GC(7) Eden regions: 47->0(45)
[2020-12-28T16:16:30.418+0100][gc,heap       ] GC(7) Survivor regions: 4->6(7)
[2020-12-28T16:16:30.418+0100][gc,heap       ] GC(7) Old regions: 9->9
[2020-12-28T16:16:30.418+0100][gc,heap       ] GC(7) Humongous regions: 129->129
[2020-12-28T16:16:30.418+0100][gc,metaspace  ] GC(7) Metaspace: 29874K->29874K(31024K)
[2020-12-28T16:16:30.419+0100][gc            ] GC(7) Pause Young (Normal) (G1 Evacuation Pause) 188M->143M(1024M) 21.758ms
[2020-12-28T16:16:30.419+0100][gc,cpu        ] GC(7) User=0.06s Sys=0.00s Real=0.03s
[2020-12-28T16:21:57.091+0100][gc,heap,exit  ] Heap
[2020-12-28T16:21:57.091+0100][gc,heap,exit  ]  garbage-first heap   total 1048576K, used 186079K [0x73a00000, 0xb3a00000)
[2020-12-28T16:21:57.091+0100][gc,heap,exit  ]   region size 1024K, 45 young (46080K), 6 survivors (6144K)
[2020-12-28T16:21:57.091+0100][gc,heap,exit  ]  Metaspace       used 31446K, capacity 32782K, committed 32896K, reserved 33072K
