[2020-12-28T16:34:31.206+0100][gc,heap] Heap region size: 1M
[2020-12-28T16:34:31.246+0100][gc     ] Using G1
[2020-12-28T16:34:36.644+0100][gc,start] GC(0) Pause Young (Normal) (G1 Evacuation Pause)
[2020-12-28T16:34:36.644+0100][gc,task ] GC(0) Using 4 workers of 4 for evacuation
[2020-12-28T16:34:36.670+0100][gc,mmu  ] GC(0) MMU target violated: 21.0ms (20.0ms/21.0ms)
[2020-12-28T16:34:36.670+0100][gc,phases] GC(0)   Pre Evacuate Collection Set: 0.1ms
[2020-12-28T16:34:36.670+0100][gc,phases] GC(0)   Evacuate Collection Set: 20.6ms
[2020-12-28T16:34:36.670+0100][gc,phases] GC(0)   Post Evacuate Collection Set: 4.5ms
[2020-12-28T16:34:36.670+0100][gc,phases] GC(0)   Other: 1.1ms
[2020-12-28T16:34:36.670+0100][gc,heap  ] GC(0) Eden regions: 51->0(44)
[2020-12-28T16:34:36.670+0100][gc,heap  ] GC(0) Survivor regions: 0->7(7)
[2020-12-28T16:34:36.670+0100][gc,heap  ] GC(0) Old regions: 0->0
[2020-12-28T16:34:36.670+0100][gc,heap  ] GC(0) Humongous regions: 0->0
[2020-12-28T16:34:36.670+0100][gc,metaspace] GC(0) Metaspace: 13613K->13613K(14640K)
[2020-12-28T16:34:36.670+0100][gc          ] GC(0) Pause Young (Normal) (G1 Evacuation Pause) 51M->6M(1024M) 26.440ms
[2020-12-28T16:34:36.670+0100][gc,cpu      ] GC(0) User=0.05s Sys=0.03s Real=0.03s
[2020-12-28T16:34:37.652+0100][gc,start    ] GC(1) Pause Young (Concurrent Start) (Metadata GC Threshold)
[2020-12-28T16:34:37.652+0100][gc,task     ] GC(1) Using 4 workers of 4 for evacuation
[2020-12-28T16:34:37.680+0100][gc,mmu      ] GC(1) MMU target violated: 21.0ms (20.0ms/21.0ms)
[2020-12-28T16:34:37.680+0100][gc,phases   ] GC(1)   Pre Evacuate Collection Set: 0.1ms
[2020-12-28T16:34:37.680+0100][gc,phases   ] GC(1)   Evacuate Collection Set: 26.8ms
[2020-12-28T16:34:37.680+0100][gc,phases   ] GC(1)   Post Evacuate Collection Set: 0.6ms
[2020-12-28T16:34:37.680+0100][gc,phases   ] GC(1)   Other: 0.6ms
[2020-12-28T16:34:37.680+0100][gc,heap     ] GC(1) Eden regions: 19->0(50)
[2020-12-28T16:34:37.680+0100][gc,heap     ] GC(1) Survivor regions: 7->1(7)
[2020-12-28T16:34:37.680+0100][gc,heap     ] GC(1) Old regions: 0->7
[2020-12-28T16:34:37.680+0100][gc,heap     ] GC(1) Humongous regions: 0->0
[2020-12-28T16:34:37.680+0100][gc,metaspace] GC(1) Metaspace: 16170K->16170K(16688K)
[2020-12-28T16:34:37.680+0100][gc          ] GC(1) Pause Young (Concurrent Start) (Metadata GC Threshold) 25M->7M(1024M) 28.287ms
[2020-12-28T16:34:37.680+0100][gc,cpu      ] GC(1) User=0.02s Sys=0.05s Real=0.03s
[2020-12-28T16:34:37.680+0100][gc          ] GC(2) Concurrent Cycle
[2020-12-28T16:34:37.680+0100][gc,marking  ] GC(2) Concurrent Clear Claimed Marks
[2020-12-28T16:34:37.680+0100][gc,marking  ] GC(2) Concurrent Clear Claimed Marks 0.116ms
[2020-12-28T16:34:37.681+0100][gc,marking  ] GC(2) Concurrent Scan Root Regions
[2020-12-28T16:34:37.682+0100][gc,marking  ] GC(2) Concurrent Scan Root Regions 1.465ms
[2020-12-28T16:34:37.682+0100][gc,marking  ] GC(2) Concurrent Mark (6.492s)
[2020-12-28T16:34:37.682+0100][gc,marking  ] GC(2) Concurrent Mark From Roots
[2020-12-28T16:34:37.682+0100][gc,task     ] GC(2) Using 1 workers of 1 for marking
[2020-12-28T16:34:37.715+0100][gc,marking  ] GC(2) Concurrent Mark From Roots 33.378ms
[2020-12-28T16:34:37.716+0100][gc,marking  ] GC(2) Concurrent Preclean
[2020-12-28T16:34:37.716+0100][gc,marking  ] GC(2) Concurrent Preclean 0.381ms
[2020-12-28T16:34:37.716+0100][gc,marking  ] GC(2) Concurrent Mark (6.492s, 6.526s) 33.901ms
[2020-12-28T16:34:37.719+0100][gc,start    ] GC(2) Pause Remark
[2020-12-28T16:34:37.726+0100][gc,stringtable] GC(2) Cleaned string and symbol table, strings: 8173 processed, 0 removed, symbols: 76923 processed, 50 removed
[2020-12-28T16:34:37.726+0100][gc            ] GC(2) Pause Remark 8M->8M(1024M) 7.628ms
[2020-12-28T16:34:37.726+0100][gc,cpu        ] GC(2) User=0.02s Sys=0.00s Real=0.00s
[2020-12-28T16:34:37.728+0100][gc,marking    ] GC(2) Concurrent Rebuild Remembered Sets
[2020-12-28T16:34:37.745+0100][gc,marking    ] GC(2) Concurrent Rebuild Remembered Sets 16.804ms
[2020-12-28T16:34:37.745+0100][gc,start      ] GC(2) Pause Cleanup
[2020-12-28T16:34:37.746+0100][gc            ] GC(2) Pause Cleanup 8M->8M(1024M) 0.350ms
[2020-12-28T16:34:37.746+0100][gc,cpu        ] GC(2) User=0.00s Sys=0.00s Real=0.00s
[2020-12-28T16:34:37.746+0100][gc,marking    ] GC(2) Concurrent Cleanup for Next Mark
[2020-12-28T16:34:37.791+0100][gc,marking    ] GC(2) Concurrent Cleanup for Next Mark 45.119ms
[2020-12-28T16:34:37.791+0100][gc            ] GC(2) Concurrent Cycle 110.914ms
[2020-12-28T16:34:40.036+0100][gc,start      ] GC(3) Pause Young (Normal) (G1 Evacuation Pause)
[2020-12-28T16:34:40.036+0100][gc,task       ] GC(3) Using 4 workers of 4 for evacuation
[2020-12-28T16:34:40.045+0100][gc,phases     ] GC(3)   Pre Evacuate Collection Set: 0.1ms
[2020-12-28T16:34:40.045+0100][gc,phases     ] GC(3)   Evacuate Collection Set: 7.3ms
[2020-12-28T16:34:40.045+0100][gc,phases     ] GC(3)   Post Evacuate Collection Set: 0.8ms
[2020-12-28T16:34:40.045+0100][gc,phases     ] GC(3)   Other: 0.4ms
[2020-12-28T16:34:40.045+0100][gc,heap       ] GC(3) Eden regions: 50->0(48)
[2020-12-28T16:34:40.045+0100][gc,heap       ] GC(3) Survivor regions: 1->3(7)
[2020-12-28T16:34:40.045+0100][gc,heap       ] GC(3) Old regions: 7->7
[2020-12-28T16:34:40.045+0100][gc,heap       ] GC(3) Humongous regions: 129->129
[2020-12-28T16:34:40.045+0100][gc,metaspace  ] GC(3) Metaspace: 21828K->21828K(22832K)
[2020-12-28T16:34:40.045+0100][gc            ] GC(3) Pause Young (Normal) (G1 Evacuation Pause) 186M->137M(1024M) 8.750ms
[2020-12-28T16:34:40.045+0100][gc,cpu        ] GC(3) User=0.02s Sys=0.00s Real=0.01s
[2020-12-28T16:34:44.194+0100][gc,heap,exit  ] Heap
[2020-12-28T16:34:44.194+0100][gc,heap,exit  ]  garbage-first heap   total 1048576K, used 185252K [0x73a00000, 0xb3a00000)
[2020-12-28T16:34:44.194+0100][gc,heap,exit  ]   region size 1024K, 48 young (49152K), 3 survivors (3072K)
[2020-12-28T16:34:44.194+0100][gc,heap,exit  ]  Metaspace       used 25503K, capacity 26119K, committed 26240K, reserved 26928K
