[2020-12-28T16:30:08.785+0100][gc,heap] Heap region size: 1M
[2020-12-28T16:30:08.823+0100][gc     ] Using G1
[2020-12-28T16:30:12.491+0100][gc,start] GC(0) Pause Young (Normal) (G1 Evacuation Pause)
[2020-12-28T16:30:12.492+0100][gc,task ] GC(0) Using 4 workers of 4 for evacuation
[2020-12-28T16:30:12.518+0100][gc,mmu  ] GC(0) MMU target violated: 21.0ms (20.0ms/21.0ms)
[2020-12-28T16:30:12.518+0100][gc,phases] GC(0)   Pre Evacuate Collection Set: 0.1ms
[2020-12-28T16:30:12.518+0100][gc,phases] GC(0)   Evacuate Collection Set: 25.1ms
[2020-12-28T16:30:12.518+0100][gc,phases] GC(0)   Post Evacuate Collection Set: 1.0ms
[2020-12-28T16:30:12.518+0100][gc,phases] GC(0)   Other: 0.9ms
[2020-12-28T16:30:12.518+0100][gc,heap  ] GC(0) Eden regions: 51->0(44)
[2020-12-28T16:30:12.518+0100][gc,heap  ] GC(0) Survivor regions: 0->7(7)
[2020-12-28T16:30:12.518+0100][gc,heap  ] GC(0) Old regions: 0->0
[2020-12-28T16:30:12.518+0100][gc,heap  ] GC(0) Humongous regions: 0->0
[2020-12-28T16:30:12.518+0100][gc,metaspace] GC(0) Metaspace: 13613K->13613K(14640K)
[2020-12-28T16:30:12.518+0100][gc          ] GC(0) Pause Young (Normal) (G1 Evacuation Pause) 51M->6M(1024M) 27.401ms
[2020-12-28T16:30:12.518+0100][gc,cpu      ] GC(0) User=0.03s Sys=0.04s Real=0.03s
[2020-12-28T16:30:24.103+0100][gc,heap,exit] Heap
[2020-12-28T16:30:24.103+0100][gc,heap,exit]  garbage-first heap   total 1048576K, used 12907K [0x73a00000, 0xb3a00000)
[2020-12-28T16:30:24.103+0100][gc,heap,exit]   region size 1024K, 14 young (14336K), 7 survivors (7168K)
[2020-12-28T16:30:24.103+0100][gc,heap,exit]  Metaspace       used 14309K, capacity 14510K, committed 14616K, reserved 14640K
