[2020-12-28T16:31:11.408+0100][gc,heap] Heap region size: 1M
[2020-12-28T16:31:11.429+0100][gc     ] Using G1
[2020-12-28T16:31:14.760+0100][gc,start] GC(0) Pause Young (Normal) (G1 Evacuation Pause)
[2020-12-28T16:31:14.769+0100][gc,task ] GC(0) Using 4 workers of 4 for evacuation
[2020-12-28T16:31:14.839+0100][gc,mmu  ] GC(0) MMU target violated: 21.0ms (20.0ms/21.0ms)
[2020-12-28T16:31:14.839+0100][gc,phases] GC(0)   Pre Evacuate Collection Set: 0.1ms
[2020-12-28T16:31:14.839+0100][gc,phases] GC(0)   Evacuate Collection Set: 68.7ms
[2020-12-28T16:31:14.839+0100][gc,phases] GC(0)   Post Evacuate Collection Set: 1.0ms
[2020-12-28T16:31:14.839+0100][gc,phases] GC(0)   Other: 9.9ms
[2020-12-28T16:31:14.839+0100][gc,heap  ] GC(0) Eden regions: 25->0(21)
[2020-12-28T16:31:14.839+0100][gc,heap  ] GC(0) Survivor regions: 0->4(4)
[2020-12-28T16:31:14.839+0100][gc,heap  ] GC(0) Old regions: 0->2
[2020-12-28T16:31:14.839+0100][gc,heap  ] GC(0) Humongous regions: 0->0
[2020-12-28T16:31:14.839+0100][gc,metaspace] GC(0) Metaspace: 9772K->9772K(10544K)
[2020-12-28T16:31:14.840+0100][gc          ] GC(0) Pause Young (Normal) (G1 Evacuation Pause) 25M->5M(512M) 79.954ms
[2020-12-28T16:31:14.840+0100][gc,cpu      ] GC(0) User=0.03s Sys=0.02s Real=0.08s
[2020-12-28T16:31:36.491+0100][gc,heap,exit] Heap
[2020-12-28T16:31:36.492+0100][gc,heap,exit]  garbage-first heap   total 524288K, used 12722K [0x93a00000, 0xb3a00000)
[2020-12-28T16:31:36.492+0100][gc,heap,exit]   region size 1024K, 12 young (12288K), 4 survivors (4096K)
[2020-12-28T16:31:36.492+0100][gc,heap,exit]  Metaspace       used 10177K, capacity 10311K, committed 10392K, reserved 10544K
