[2020-12-28T16:13:11.957+0100][gc,heap] Heap region size: 1M
[2020-12-28T16:13:11.986+0100][gc     ] Using G1
[2020-12-28T16:13:14.501+0100][gc,start] GC(0) Pause Young (Normal) (G1 Evacuation Pause)
[2020-12-28T16:13:14.502+0100][gc,task ] GC(0) Using 4 workers of 4 for evacuation
[2020-12-28T16:13:14.521+0100][gc,phases] GC(0)   Pre Evacuate Collection Set: 0.0ms
[2020-12-28T16:13:14.521+0100][gc,phases] GC(0)   Evacuate Collection Set: 18.0ms
[2020-12-28T16:13:14.521+0100][gc,phases] GC(0)   Post Evacuate Collection Set: 0.8ms
[2020-12-28T16:13:14.521+0100][gc,phases] GC(0)   Other: 0.8ms
[2020-12-28T16:13:14.521+0100][gc,heap  ] GC(0) Eden regions: 25->0(21)
[2020-12-28T16:13:14.521+0100][gc,heap  ] GC(0) Survivor regions: 0->4(4)
[2020-12-28T16:13:14.521+0100][gc,heap  ] GC(0) Old regions: 0->2
[2020-12-28T16:13:14.521+0100][gc,heap  ] GC(0) Humongous regions: 0->0
[2020-12-28T16:13:14.521+0100][gc,metaspace] GC(0) Metaspace: 9710K->9710K(10544K)
[2020-12-28T16:13:14.521+0100][gc          ] GC(0) Pause Young (Normal) (G1 Evacuation Pause) 25M->5M(512M) 19.850ms
[2020-12-28T16:13:14.521+0100][gc,cpu      ] GC(0) User=0.02s Sys=0.03s Real=0.02s
[2020-12-28T16:21:59.005+0100][gc,heap,exit] Heap
[2020-12-28T16:21:59.005+0100][gc,heap,exit]  garbage-first heap   total 524288K, used 15768K [0x93a00000, 0xb3a00000)
[2020-12-28T16:21:59.005+0100][gc,heap,exit]   region size 1024K, 15 young (15360K), 4 survivors (4096K)
[2020-12-28T16:21:59.005+0100][gc,heap,exit]  Metaspace       used 10184K, capacity 10311K, committed 10392K, reserved 10544K
