[2020-12-28T16:34:31.201+0100][gc,heap] Heap region size: 1M
[2020-12-28T16:34:31.225+0100][gc     ] Using G1
[2020-12-28T16:34:34.914+0100][gc,start] GC(0) Pause Young (Normal) (G1 Evacuation Pause)
[2020-12-28T16:34:34.915+0100][gc,task ] GC(0) Using 4 workers of 4 for evacuation
[2020-12-28T16:34:34.949+0100][gc,mmu  ] GC(0) MMU target violated: 21.0ms (20.0ms/21.0ms)
[2020-12-28T16:34:34.950+0100][gc,phases] GC(0)   Pre Evacuate Collection Set: 0.0ms
[2020-12-28T16:34:34.950+0100][gc,phases] GC(0)   Evacuate Collection Set: 33.5ms
[2020-12-28T16:34:34.950+0100][gc,phases] GC(0)   Post Evacuate Collection Set: 0.9ms
[2020-12-28T16:34:34.950+0100][gc,phases] GC(0)   Other: 1.2ms
[2020-12-28T16:34:34.950+0100][gc,heap  ] GC(0) Eden regions: 25->0(21)
[2020-12-28T16:34:34.950+0100][gc,heap  ] GC(0) Survivor regions: 0->4(4)
[2020-12-28T16:34:34.950+0100][gc,heap  ] GC(0) Old regions: 0->2
[2020-12-28T16:34:34.950+0100][gc,heap  ] GC(0) Humongous regions: 0->0
[2020-12-28T16:34:34.950+0100][gc,metaspace] GC(0) Metaspace: 9746K->9746K(10544K)
[2020-12-28T16:34:34.950+0100][gc          ] GC(0) Pause Young (Normal) (G1 Evacuation Pause) 25M->5M(512M) 35.910ms
[2020-12-28T16:34:34.950+0100][gc,cpu      ] GC(0) User=0.07s Sys=0.01s Real=0.04s
[2020-12-28T16:35:15.689+0100][gc,heap,exit] Heap
[2020-12-28T16:35:15.689+0100][gc,heap,exit]  garbage-first heap   total 524288K, used 11871K [0x93a00000, 0xb3a00000)
[2020-12-28T16:35:15.689+0100][gc,heap,exit]   region size 1024K, 11 young (11264K), 4 survivors (4096K)
[2020-12-28T16:35:15.690+0100][gc,heap,exit]  Metaspace       used 10136K, capacity 10247K, committed 10264K, reserved 10544K
